[polymaps.org/docs/index.html]
[backblue.gif]
[fade.gif]
[index.html]
[polymaps.org/docs/map.html]
[polymaps.org/docs/layer.html]
[polymaps.org/docs/image.html]
[polymaps.org/docs/geoJson.html]
[polymaps.org/docs/arrow.html]
[polymaps.org/docs/compass.html]
[polymaps.org/docs/dblclick.html]
[polymaps.org/docs/drag.html]
[polymaps.org/docs/grid.html]
[polymaps.org/docs/hash.html]
[polymaps.org/docs/interact.html]
[polymaps.org/docs/wheel.html]
[polymaps.org/docs/cache.html]
[polymaps.org/docs/dispatch.html]
[polymaps.org/docs/queue.html]
[polymaps.org/docs/stylist.html]
[polymaps.org/docs/svg.html]
[polymaps.org/docs/transform.html]
[polymaps.org/docs/index.html]
[polymaps.org/docs/map.html]
[polymaps.org/docs/layer.html]
[polymaps.org/docs/image.html]
[polymaps.org/docs/geoJson.html]
[polymaps.org/docs/arrow.html]
[polymaps.org/docs/compass.html]
[polymaps.org/docs/dblclick.html]
[polymaps.org/docs/drag.html]
[polymaps.org/docs/grid.html]
[polymaps.org/docs/hash.html]
[polymaps.org/docs/interact.html]
[polymaps.org/docs/wheel.html]
[polymaps.org/docs/cache.html]
[polymaps.org/docs/dispatch.html]
[polymaps.org/docs/queue.html]
[polymaps.org/docs/url.html]
[polymaps.org/docs/stylist.html]
[polymaps.org/docs/svg.html]
[polymaps.org/docs/transform.html]
[polymaps.org/docs/url.html]
[polymaps.org/docs/ns.html]
[polymaps.org/docs/ns.html]
